// Jest Snapshot v1, https://goo.gl/fbAQLP

exports[`CounterScreen render with snapshot matches snapshot 1`] = `
<View
  style={
    {
      "alignItems": "center",
      "flex": 1,
      "justifyContent": "center",
    }
  }
>
  <Text
    style={
      {
        "fontSize": 24,
        "marginBottom": 20,
      }
    }
  >
    Counter: 0
  </Text>
  <View
    accessibilityState={
      {
        "busy": undefined,
        "checked": undefined,
        "disabled": undefined,
        "expanded": undefined,
        "selected": undefined,
      }
    }
    accessibilityValue={
      {
        "max": undefined,
        "min": undefined,
        "now": undefined,
        "text": undefined,
      }
    }
    accessible={true}
    collapsable={false}
    focusable={true}
    onClick={[Function]}
    onResponderGrant={[Function]}
    onResponderMove={[Function]}
    onResponderRelease={[Function]}
    onResponderTerminate={[Function]}
    onResponderTerminationRequest={[Function]}
    onStartShouldSetResponder={[Function]}
    style={
      {
        "backgroundColor": "blue",
        "borderRadius": 5,
        "marginBottom": 10,
        "opacity": 1,
        "padding": 10,
      }
    }
  >
    <Text
      style={
        {
          "color": "white",
          "fontSize": 16,
        }
      }
    >
      Increment
    </Text>
  </View>
  <View
    accessibilityState={
      {
        "busy": undefined,
        "checked": undefined,
        "disabled": undefined,
        "expanded": undefined,
        "selected": undefined,
      }
    }
    accessibilityValue={
      {
        "max": undefined,
        "min": undefined,
        "now": undefined,
        "text": undefined,
      }
    }
    accessible={true}
    collapsable={false}
    focusable={true}
    onClick={[Function]}
    onResponderGrant={[Function]}
    onResponderMove={[Function]}
    onResponderRelease={[Function]}
    onResponderTerminate={[Function]}
    onResponderTerminationRequest={[Function]}
    onStartShouldSetResponder={[Function]}
    style={
      {
        "backgroundColor": "blue",
        "borderRadius": 5,
        "marginBottom": 10,
        "opacity": 1,
        "padding": 10,
      }
    }
  >
    <Text
      style={
        {
          "color": "white",
          "fontSize": 16,
        }
      }
    >
      Decrement
    </Text>
  </View>
</View>
`;
