// Jest Snapshot v1, https://goo.gl/fbAQLP

exports[`LoginScreen render with snapshot matches snapshot 1`] = `
<View
  style={
    {
      "alignItems": "center",
      "flex": 1,
      "justifyContent": "center",
      "padding": 20,
    }
  }
>
  <TextInput
    onChangeText={[Function]}
    placeholder="Email"
    style={
      {
        "borderColor": "gray",
        "borderWidth": 1,
        "height": 40,
        "marginBottom": 10,
        "paddingHorizontal": 10,
        "width": "100%",
      }
    }
    value=""
  />
  <TextInput
    onChangeText={[Function]}
    placeholder="Password"
    secureTextEntry={true}
    style={
      {
        "borderColor": "gray",
        "borderWidth": 1,
        "height": 40,
        "marginBottom": 10,
        "paddingHorizontal": 10,
        "width": "100%",
      }
    }
    value=""
  />
  <View
    accessibilityRole="button"
    accessibilityState={
      {
        "busy": undefined,
        "checked": undefined,
        "disabled": undefined,
        "expanded": undefined,
        "selected": undefined,
      }
    }
    accessibilityValue={
      {
        "max": undefined,
        "min": undefined,
        "now": undefined,
        "text": undefined,
      }
    }
    accessible={true}
    collapsable={false}
    focusable={true}
    onClick={[Function]}
    onResponderGrant={[Function]}
    onResponderMove={[Function]}
    onResponderRelease={[Function]}
    onResponderTerminate={[Function]}
    onResponderTerminationRequest={[Function]}
    onStartShouldSetResponder={[Function]}
    style={
      {
        "opacity": 1,
      }
    }
  >
    <View
      style={
        [
          {},
        ]
      }
    >
      <Text
        style={
          [
            {
              "color": "#007AFF",
              "fontSize": 18,
              "margin": 8,
              "textAlign": "center",
            },
          ]
        }
      >
        Login
      </Text>
    </View>
  </View>
</View>
`;
